Component: Arm Compiler for Embedded 6.19 Tool: armlink [5e73cb00]

==============================================================================

Section Cross References

    rk_priseenmain_moteurs.o(.text) refers (Special) to leds.o(.text) for LED5_ON
    rk_priseenmain_moteurs.o(.text) refers (Special) to rk_config_moteur.o(.text) for MOTEUR_DROIT_INVERSE
    bumper.o(.text) refers to leds.o(.text) for LEDS_INIT
    startup.o(RESET) refers to startup.o(STACK) for StackMem
    startup.o(RESET) refers to bumper.o(.text) for __main


==============================================================================

Removing Unused input sections from the image.

    Removing startup.o(HEAP), (0 bytes).
    Removing startup.o(.text), (0 bytes).

2 unused section(s) (total 0 bytes) removed from the image.

==============================================================================

Image Symbol Table

    Local Symbols

    Symbol Name                              Value     Ov Type        Size  Object(Section)

    Bumper.s                                 0x00000000   Number         0  bumper.o ABSOLUTE
    Leds.s                                   0x00000000   Number         0  leds.o ABSOLUTE
    RK_Blinky_1LED.s                         0x00000000   Number         0  rk_blinky_1led.o ABSOLUTE
    RK_Blinky_2LED_1.2.s                     0x00000000   Number         0  rk_blinky_2led_1.2.o ABSOLUTE
    RK_Config_Moteur.s                       0x00000000   Number         0  rk_config_moteur.o ABSOLUTE
    RK_PriseEnMain_Moteurs.s                 0x00000000   Number         0  rk_priseenmain_moteurs.o ABSOLUTE
    RTE/Device/LM3S9B92/Startup.s            0x00000000   Number         0  startup.o ABSOLUTE
    RESET                                    0x00000000   Section      632  startup.o(RESET)
    NmiSR                                    0x00000271   Thumb Code     0  startup.o(RESET)
    FaultISR                                 0x00000273   Thumb Code     0  startup.o(RESET)
    IntDefaultHandler                        0x00000275   Thumb Code     0  startup.o(RESET)
    .text                                    0x00000278   Section       92  rk_blinky_1led.o(.text)
    .text                                    0x000002d4   Section      152  rk_blinky_2led_1.2.o(.text)
    .text                                    0x0000036c   Section      484  rk_config_moteur.o(.text)
    .text                                    0x00000550   Section       64  rk_priseenmain_moteurs.o(.text)
    .text                                    0x00000590   Section      108  bumper.o(.text)
    .text                                    0x000005fc   Section      152  leds.o(.text)
    StackMem                                 0x20000000   Data           0  startup.o(STACK)
    STACK                                    0x20000000   Section      256  startup.o(STACK)

    Global Symbols

    Symbol Name                              Value     Ov Type        Size  Object(Section)

    BuildAttributes$$THM_ISAv4$P$D$K$B$S$A:L22UL41UL21$X:L11$S22US41US21$IEEE1$~IW$USESV6$~STKCKD$USESV7$~SHL$OSPACE$EBA8$MICROLIB$PRES8$EABIv2 0x00000000   Number         0  anon$$obj.o ABSOLUTE
    __Vectors                                0x00000000   Data           0  startup.o(RESET)
    Reset_Handler                            0x0000026d   Thumb Code     0  startup.o(RESET)
    __main1                                  0x00000279   Thumb Code     0  rk_blinky_1led.o(.text)
    __main2                                  0x000002d5   Thumb Code     0  rk_blinky_2led_1.2.o(.text)
    MOTEUR_INIT                              0x0000036d   Thumb Code     0  rk_config_moteur.o(.text)
    MOTEUR_DROIT_ON                          0x00000471   Thumb Code     0  rk_config_moteur.o(.text)
    MOTEUR_DROIT_OFF                         0x0000047d   Thumb Code     0  rk_config_moteur.o(.text)
    MOTEUR_GAUCHE_ON                         0x00000489   Thumb Code     0  rk_config_moteur.o(.text)
    MOTEUR_GAUCHE_OFF                        0x00000495   Thumb Code     0  rk_config_moteur.o(.text)
    MOTEUR_DROIT_ARRIERE                     0x000004a1   Thumb Code     0  rk_config_moteur.o(.text)
    MOTEUR_DROIT_AVANT                       0x000004ab   Thumb Code     0  rk_config_moteur.o(.text)
    MOTEUR_GAUCHE_ARRIERE                    0x000004b5   Thumb Code     0  rk_config_moteur.o(.text)
    MOTEUR_GAUCHE_AVANT                      0x000004bf   Thumb Code     0  rk_config_moteur.o(.text)
    MOTEUR_DROIT_INVERSE                     0x000004c9   Thumb Code     0  rk_config_moteur.o(.text)
    MOTEUR_GAUCHE_INVERSE                    0x000004d5   Thumb Code     0  rk_config_moteur.o(.text)
    __mainM                                  0x00000551   Thumb Code     0  rk_priseenmain_moteurs.o(.text)
    __main                                   0x00000591   Thumb Code     0  bumper.o(.text)
    LEDS_INIT                                0x000005fd   Thumb Code     0  leds.o(.text)
    LEDS_ON                                  0x00000645   Thumb Code     0  leds.o(.text)
    LEDS_OFF                                 0x00000653   Thumb Code     0  leds.o(.text)
    LED4_ON                                  0x00000661   Thumb Code     0  leds.o(.text)
    LED5_ON                                  0x0000066f   Thumb Code     0  leds.o(.text)
    __initial_sp                             0x20000100   Data           0  startup.o(STACK)



==============================================================================

Memory Map of the image

  Image Entry point : 0x0000026d

  Load Region LR_1 (Base: 0x00000000, Size: 0x00000694, Max: 0xffffffff, ABSOLUTE)

    Execution Region ER_RO (Exec base: 0x00000000, Load base: 0x00000000, Size: 0x00000694, Max: 0xffffffff, ABSOLUTE)

    Exec Addr    Load Addr    Size         Type   Attr      Idx    E Section Name        Object

    0x00000000   0x00000000   0x00000278   Code   RO           23  * RESET               startup.o
    0x00000278   0x00000278   0x0000005c   Code   RO            1  * .text               rk_blinky_1led.o
    0x000002d4   0x000002d4   0x00000098   Code   RO            6  * .text               rk_blinky_2led_1.2.o
    0x0000036c   0x0000036c   0x000001e4   Code   RO            9  * .text               rk_config_moteur.o
    0x00000550   0x00000550   0x00000040   Code   RO           12  * .text               rk_priseenmain_moteurs.o
    0x00000590   0x00000590   0x0000006c   Code   RO           15  * .text               bumper.o
    0x000005fc   0x000005fc   0x00000098   Code   RO           18  * .text               leds.o


    Execution Region ER_RW (Exec base: 0x20000000, Load base: 0x00000694, Size: 0x00000000, Max: 0xffffffff, ABSOLUTE)

    **** No section assigned to this execution region ****


    Execution Region ER_ZI (Exec base: 0x20000000, Load base: 0x00000694, Size: 0x00000100, Max: 0xffffffff, ABSOLUTE)

    Exec Addr    Load Addr    Size         Type   Attr      Idx    E Section Name        Object

    0x20000000        -       0x00000100   Zero   RW           21    STACK               startup.o


==============================================================================

Image component sizes


      Code (inc. data)   RO Data    RW Data    ZI Data      Debug   Object Name

       108         20          0          0          0        260   bumper.o
       152         20          0          0          0        264   leds.o
        92         24          0          0          0        308   rk_blinky_1led.o
       152         40          0          0          0        300   rk_blinky_2led_1.2.o
       484        112          0          0          0        404   rk_config_moteur.o
        64          4          0          0          0        280   rk_priseenmain_moteurs.o
       632        622          0          0        256        280   startup.o

    ----------------------------------------------------------------------
      1684        842          0          0        256       2096   Object Totals
         0          0          0          0          0          0   (incl. Generated)
         0          0          0          0          0          0   (incl. Padding)

    ----------------------------------------------------------------------
         0          0          0          0          0          0   Library Totals
         0          0          0          0          0          0   (incl. Padding)

    ----------------------------------------------------------------------

==============================================================================


      Code (inc. data)   RO Data    RW Data    ZI Data      Debug   

      1684        842          0          0        256       2096   Grand Totals
      1684        842          0          0        256       2096   ELF Image Totals
      1684        842          0          0          0          0   ROM Totals

==============================================================================

    Total RO  Size (Code + RO Data)                 1684 (   1.64kB)
    Total RW  Size (RW Data + ZI Data)               256 (   0.25kB)
    Total ROM Size (Code + RO Data + RW Data)       1684 (   1.64kB)

==============================================================================

